// Jest Snapshot v1, https://goo.gl/fbAQLP

exports[` 1`] = `
<DocumentFragment>
  <div>
    This is AttendanceEditor component.
  </div>
</DocumentFragment>
`;
