// Jest Snapshot v1, https://goo.gl/fbAQLP

exports[` 1`] = `
<DocumentFragment>
  <header>
    <div
      class="css-1g4zhz8-MuiStack-root"
    >
      <div
        class="MuiBox-root css-1harook"
      >
        <a
          href="/"
        >
          <img
            alt="クラウド勤怠のロゴ"
            src="logo.png"
            style="height: 100%;"
          />
        </a>
      </div>
      <div
        class="MuiBox-root css-uwwqev"
      >
        <div
          class="css-e7etzu-MuiStack-root"
        >
          <div
            class="MuiBox-root css-0"
          >
            <a
              class="MuiTypography-root MuiTypography-button MuiLink-root MuiLink-underlineAlways css-ynz886-MuiTypography-root-MuiLink-root"
              href="/register"
            >
              勤怠打刻
            </a>
          </div>
          <div
            class="MuiBox-root css-0"
          >
            <a
              class="MuiTypography-root MuiTypography-button MuiLink-root MuiLink-underlineAlways css-ynz886-MuiTypography-root-MuiLink-root"
              href="/list"
            >
              勤怠一覧
            </a>
          </div>
          <div
            class="MuiBox-root css-0"
          >
            <a
              class="MuiTypography-root MuiTypography-button MuiLink-root MuiLink-underlineAlways css-ynz886-MuiTypography-root-MuiLink-root"
              href="/"
            >
              リンク
            </a>
          </div>
          <div
            class="MuiBox-root css-0"
          >
            <a
              class="MuiTypography-root MuiTypography-button MuiLink-root MuiLink-underlineAlways css-ynz886-MuiTypography-root-MuiLink-root"
              href="/"
            >
              リンク
            </a>
          </div>
        </div>
      </div>
      <div
        class="MuiBox-root css-0"
      >
        <div
          class="css-w4z10b-MuiStack-root"
        >
          <div
            class="MuiBox-root css-0"
          >
            <button
              class="MuiButtonBase-root MuiButton-root MuiButton-outlined MuiButton-outlinedLogin MuiButton-sizeMedium MuiButton-outlinedSizeMedium MuiButton-root MuiButton-outlined MuiButton-outlinedLogin MuiButton-sizeMedium MuiButton-outlinedSizeMedium css-1brts1-MuiButtonBase-root-MuiButton-root"
              style="height: 100%; width: 110px;"
              tabindex="0"
              type="button"
            >
              管理ページ
              <span
                class="MuiTouchRipple-root css-8je8zh-MuiTouchRipple-root"
              />
            </button>
          </div>
          <div
            class="MuiBox-root css-0"
          >
            <button
              class="MuiButtonBase-root MuiButton-root MuiButton-contained MuiButton-containedLogout MuiButton-sizeMedium MuiButton-containedSizeMedium MuiButton-root MuiButton-contained MuiButton-containedLogout MuiButton-sizeMedium MuiButton-containedSizeMedium css-qvg2lw-MuiButtonBase-root-MuiButton-root"
              style="height: 100%; width: 110px;"
              tabindex="0"
              type="button"
            >
              ログアウト
              <span
                class="MuiTouchRipple-root css-8je8zh-MuiTouchRipple-root"
              />
            </button>
          </div>
        </div>
      </div>
      <div
        class="MuiBox-root css-13h7r5n"
      >
        <p
          class="MuiTypography-root MuiTypography-body1 css-1p3bzad-MuiTypography-root"
        >
          田中 太郎 さん
        </p>
      </div>
      <div
        class="MuiBox-root css-0"
      >
        <div
          class="css-m69qwo-MuiStack-root"
        >
          <div
            class="MuiBox-root css-0"
          >
            <button
              aria-label="notification"
              class="MuiButtonBase-root MuiIconButton-root MuiIconButton-sizeMedium css-78trlr-MuiButtonBase-root-MuiIconButton-root"
              tabindex="0"
              type="button"
            >
              <svg
                aria-hidden="true"
                class="MuiSvgIcon-root MuiSvgIcon-fontSizeMedium css-i4bv87-MuiSvgIcon-root"
                data-testid="NotificationsNoneIcon"
                focusable="false"
                style="color: white;"
                viewBox="0 0 24 24"
              >
                <path
                  d="M12 22c1.1 0 2-.9 2-2h-4c0 1.1.9 2 2 2zm6-6v-5c0-3.07-1.63-5.64-4.5-6.32V4c0-.83-.67-1.5-1.5-1.5s-1.5.67-1.5 1.5v.68C7.64 5.36 6 7.92 6 11v5l-2 2v1h16v-1l-2-2zm-2 1H8v-6c0-2.48 1.51-4.5 4-4.5s4 2.02 4 4.5v6z"
                />
              </svg>
              <span
                class="MuiTouchRipple-root css-8je8zh-MuiTouchRipple-root"
              />
            </button>
          </div>
          <div
            class="MuiBox-root css-0"
          >
            <button
              aria-label="account"
              class="MuiButtonBase-root MuiIconButton-root MuiIconButton-sizeMedium css-78trlr-MuiButtonBase-root-MuiIconButton-root"
              tabindex="0"
              type="button"
            >
              <svg
                aria-hidden="true"
                class="MuiSvgIcon-root MuiSvgIcon-fontSizeMedium css-i4bv87-MuiSvgIcon-root"
                data-testid="AccountCircleIcon"
                focusable="false"
                style="color: white;"
                viewBox="0 0 24 24"
              >
                <path
                  d="M12 2C6.48 2 2 6.48 2 12s4.48 10 10 10 10-4.48 10-10S17.52 2 12 2zm0 4c1.93 0 3.5 1.57 3.5 3.5S13.93 13 12 13s-3.5-1.57-3.5-3.5S10.07 6 12 6zm0 14c-2.03 0-4.43-.82-6.14-2.88C7.55 15.8 9.68 15 12 15s4.45.8 6.14 2.12C16.43 19.18 14.03 20 12 20z"
                />
              </svg>
              <span
                class="MuiTouchRipple-root css-8je8zh-MuiTouchRipple-root"
              />
            </button>
          </div>
        </div>
      </div>
    </div>
  </header>
</DocumentFragment>
`;
