// Jest Snapshot v1, https://goo.gl/fbAQLP

exports[` 1`] = `
<div>
  <footer>
    <div
      class="MuiBox-root css-1e47hhr"
    >
      <p
        class="MuiTypography-root MuiTypography-body1 css-jb1ygz-MuiTypography-root"
      >
        Â© 2022 Virtual VirtualTech Japan Inc. All rights reserved.
      </p>
    </div>
  </footer>
</div>
`;
