// Jest Snapshot v1, https://goo.gl/fbAQLP

exports[` 1`] = `
<div>
  <a
    class="MuiTypography-root MuiTypography-button MuiLink-root MuiLink-underlineAlways css-179sywy-MuiTypography-root-MuiLink-root"
    href="/"
  >
    label
  </a>
</div>
`;
